../Drivers/CMSIS/Include/core_cm4.h:2059:26:ITM_SendChar	16	static,ignoring_inline_asm
../Core/Src/main.c:80:5:_write	32	static
../Core/Src/main.c:87:6:byte_to_bin	24	static
../Core/Src/main.c:92:6:readbin	24	static
../Core/Src/main.c:100:6:boolgenSPI	32	static
../Core/Src/main.c:189:5:main	424	static
../Core/Src/main.c:290:6:SystemClock_Config	96	static
../Core/Src/main.c:340:13:MX_SPI3_Init	8	static
../Core/Src/main.c:380:13:MX_USART2_UART_Init	8	static
../Core/Src/main.c:415:13:MX_USART3_UART_Init	8	static
../Core/Src/main.c:448:13:MX_DMA_Init	16	static
../Core/Src/main.c:470:13:MX_GPIO_Init	16	static
../Core/Src/main.c:491:6:Error_Handler	4	static,ignoring_inline_asm
